[2025-12-21 22:49:13] [INFO] Server has started.
[2025-12-21 22:49:26] [INFO] New client has tried to connect. Check the log right below for conformation.
[2025-12-21 22:49:26] [INFO] New client has tried to connect. Check the log right below for conformation.
[2025-12-21 22:49:26] [INFO] New client has tried to connect. Check the log right below for conformation.
[2025-12-21 22:49:26] [INFO] New client has tried to connect. Check the log right below for conformation.
[2025-12-21 22:49:26] [MSG] From ARM01: Just Connected
[2025-12-21 22:49:26] [MSG] From TEMP02: Just Connected
[2025-12-21 22:49:26] [MSG] From LED01: Just Connected
[2025-12-21 22:49:26] [MSG] From BUTTON01: Just Connected
[2025-12-21 22:49:26] [MSG] From LED01: LED:ON
[2025-12-21 22:49:26] [MSG] From TEMP02: TEMP:INIT
[2025-12-21 22:49:26] [MSG] From ARM01: System Started
[2025-12-21 22:49:26] [MSG] From BUTTON01: BUTTON:RELEASED
[2025-12-21 22:49:27] [MSG] From ARM01: MODE:RUNNING TEMP:N/A
[2025-12-21 22:49:27] [MSG] From TEMP02: TEMP:N/A
[2025-12-21 22:49:27] [MSG] From BUTTON01: BUTTON:RELEASED
[2025-12-21 22:49:27] [MSG] From LED01: LED:ON
[2025-12-21 22:49:28] [MSG] From ARM01: MODE:RUNNING TEMP:N/A
[2025-12-21 22:49:28] [MSG] From TEMP02: TEMP:N/A
[2025-12-21 22:49:28] [MSG] From BUTTON01: BUTTON:RELEASED
[2025-12-21 22:49:28] [MSG] From LED01: LED:ON
[2025-12-21 22:49:30] [MSG] From ARM01: MODE:RUNNING TEMP:N/A
[2025-12-21 22:49:30] [MSG] From TEMP02: TEMP:N/A
[2025-12-21 22:49:30] [MSG] From BUTTON01: BUTTON:RELEASED
[2025-12-21 22:49:30] [MSG] From LED01: LED:ON
[2025-12-21 22:49:31] [MSG] From ARM01: MODE:RUNNING TEMP:N/A
[2025-12-21 22:49:31] [MSG] From TEMP02: TEMP:N/A
[2025-12-21 22:49:31] [MSG] From BUTTON01: BUTTON:RELEASED
[2025-12-21 22:49:31] [MSG] From LED01: LED:ON
[2025-12-21 22:49:32] [MSG] From ARM01: MODE:RUNNING TEMP:N/A
[2025-12-21 22:49:32] [MSG] From TEMP02: TEMP:N/A
[2025-12-21 22:49:32] [MSG] From LED01: LED:ON
[2025-12-21 22:49:32] [MSG] From BUTTON01: BUTTON:RELEASED
[2025-12-21 22:49:33] [MSG] From ARM01: MODE:RUNNING TEMP:N/A
[2025-12-21 22:49:33] [MSG] From TEMP02: TEMP:N/A
[2025-12-21 22:49:33] [MSG] From BUTTON01: BUTTON:RELEASED
[2025-12-21 22:49:33] [MSG] From LED01: LED:ON
[2025-12-21 22:49:34] [MSG] From ARM01: MODE:RUNNING TEMP:N/A
[2025-12-21 22:49:34] [MSG] From TEMP02: TEMP:N/A
[2025-12-21 22:49:34] [MSG] From BUTTON01: BUTTON:RELEASED
[2025-12-21 22:49:34] [MSG] From LED01: LED:ON
[2025-12-21 22:49:34] [MSG] From ARM01: MODE:RUNNING TEMP:N/A
[2025-12-21 22:49:34] [MSG] From TEMP02: TEMP:N/A
[2025-12-21 22:49:34] [MSG] From BUTTON01: BUTTON:RELEASED
[2025-12-21 22:49:34] [MSG] From LED01: LED:ON
[2025-12-21 22:49:35] [MSG] From ARM01: MODE:RUNNING TEMP:N/A
[2025-12-21 22:49:35] [MSG] From TEMP02: TEMP:N/A
[2025-12-21 22:49:35] [MSG] From BUTTON01: BUTTON:RELEASED
[2025-12-21 22:49:35] [MSG] From LED01: LED:ON
[2025-12-21 22:49:36] [MSG] From ARM01: MODE:RUNNING TEMP:N/A
[2025-12-21 22:49:36] [MSG] From TEMP02: TEMP:N/A
[2025-12-21 22:49:36] [MSG] From BUTTON01: BUTTON:RELEASED
[2025-12-21 22:49:36] [MSG] From LED01: LED:ON
[2025-12-21 22:49:37] [MSG] From ARM01: MODE:RUNNING TEMP:N/A
[2025-12-21 22:49:37] [MSG] From TEMP02: TEMP:N/A
[2025-12-21 22:49:37] [MSG] From LED01: LED:ON
[2025-12-21 22:49:37] [MSG] From BUTTON01: BUTTON:RELEASED
[2025-12-21 22:49:38] [MSG] From ARM01: MODE:RUNNING TEMP:N/A
[2025-12-21 22:49:38] [MSG] From TEMP02: TEMP:N/A
[2025-12-21 22:49:38] [MSG] From BUTTON01: BUTTON:RELEASED
[2025-12-21 22:49:38] [MSG] From LED01: LED:ON
[2025-12-21 22:49:39] [MSG] From ARM01: MODE:RUNNING TEMP:N/A
[2025-12-21 22:49:39] [MSG] From TEMP02: TEMP:N/A
[2025-12-21 22:49:39] [MSG] From LED01: LED:ON
[2025-12-21 22:49:39] [MSG] From BUTTON01: BUTTON:RELEASED
[2025-12-21 22:49:41] [MSG] From ARM01: MODE:RUNNING TEMP:N/A
[2025-12-21 22:49:41] [MSG] From TEMP02: TEMP:N/A
[2025-12-21 22:49:41] [MSG] From BUTTON01: BUTTON:RELEASED
[2025-12-21 22:49:41] [MSG] From LED01: LED:ON
[2025-12-21 22:49:42] [MSG] From ARM01: MODE:RUNNING TEMP:N/A
[2025-12-21 22:49:42] [MSG] From TEMP02: TEMP:N/A
[2025-12-21 22:49:42] [MSG] From BUTTON01: BUTTON:RELEASED
[2025-12-21 22:49:42] [MSG] From LED01: LED:ON
[2025-12-21 22:49:43] [MSG] From ARM01: MODE:RUNNING TEMP:N/A
[2025-12-21 22:49:43] [MSG] From TEMP02: TEMP:N/A
[2025-12-21 22:49:43] [MSG] From BUTTON01: BUTTON:RELEASED
[2025-12-21 22:49:43] [MSG] From LED01: LED:ON
[2025-12-21 22:49:44] [MSG] From ARM01: MODE:RUNNING TEMP:N/A
[2025-12-21 22:49:44] [MSG] From TEMP02: TEMP:N/A
[2025-12-21 22:49:44] [MSG] From BUTTON01: BUTTON:RELEASED
[2025-12-21 22:49:44] [MSG] From LED01: LED:ON
[2025-12-21 22:49:45] [MSG] From ARM01: MODE:RUNNING TEMP:N/A
[2025-12-21 22:49:45] [MSG] From TEMP02: TEMP:N/A
[2025-12-21 22:49:45] [MSG] From BUTTON01: BUTTON:RELEASED
[2025-12-21 22:49:45] [MSG] From LED01: LED:ON
[2025-12-21 22:49:46] [MSG] From ARM01: MODE:RUNNING TEMP:N/A
[2025-12-21 22:49:46] [MSG] From TEMP02: TEMP:N/A
[2025-12-21 22:49:46] [MSG] From BUTTON01: BUTTON:RELEASED
[2025-12-21 22:49:46] [MSG] From LED01: LED:ON
[2025-12-21 22:49:47] [MSG] From ARM01: MODE:RUNNING TEMP:N/A
[2025-12-21 22:49:47] [MSG] From TEMP02: TEMP:N/A
[2025-12-21 22:49:47] [MSG] From BUTTON01: BUTTON:RELEASED
[2025-12-21 22:49:47] [MSG] From LED01: LED:ON
[2025-12-21 22:49:48] [MSG] From ARM01: MODE:RUNNING TEMP:N/A
[2025-12-21 22:49:48] [MSG] From TEMP02: TEMP:N/A
[2025-12-21 22:49:48] [MSG] From BUTTON01: BUTTON:RELEASED
[2025-12-21 22:49:48] [MSG] From LED01: LED:ON
[2025-12-21 22:49:49] [MSG] From ARM01: MODE:RUNNING TEMP:N/A
[2025-12-21 22:49:49] [MSG] From LED01: LED:ON
[2025-12-21 22:49:49] [MSG] From TEMP02: TEMP:N/A
[2025-12-21 22:49:49] [MSG] From BUTTON01: BUTTON:RELEASED
[2025-12-21 22:49:50] [MSG] To ARM01: hi
[2025-12-21 22:49:51] [MSG] From ARM01: MODE:RUNNING TEMP:N/A
[2025-12-21 22:49:51] [MSG] From TEMP02: TEMP:N/A
[2025-12-21 22:49:51] [MSG] From BUTTON01: BUTTON:RELEASED
[2025-12-21 22:49:51] [MSG] From LED01: LED:ON
[2025-12-21 22:49:52] [MSG] From ARM01: MODE:RUNNING TEMP:N/A
[2025-12-21 22:49:52] [MSG] From TEMP02: TEMP:N/A
[2025-12-21 22:49:52] [MSG] From BUTTON01: BUTTON:RELEASED
[2025-12-21 22:49:52] [MSG] From LED01: LED:ON
[2025-12-21 22:49:53] [MSG] From ARM01: MODE:RUNNING TEMP:N/A
[2025-12-21 22:49:53] [MSG] From TEMP02: TEMP:N/A
[2025-12-21 22:49:53] [MSG] From BUTTON01: BUTTON:RELEASED
[2025-12-21 22:49:53] [MSG] From LED01: LED:ON
[2025-12-21 22:49:54] [MSG] From ARM01: MODE:RUNNING TEMP:N/A
[2025-12-21 22:49:54] [MSG] From BUTTON01: BUTTON:RELEASED
[2025-12-21 22:49:54] [MSG] From TEMP02: TEMP:N/A
[2025-12-21 22:49:54] [MSG] From LED01: LED:ON
[2025-12-21 22:49:55] [MSG] From ARM01: MODE:RUNNING TEMP:N/A
[2025-12-21 22:49:55] [MSG] From TEMP02: TEMP:N/A
[2025-12-21 22:49:55] [MSG] From BUTTON01: BUTTON:RELEASED
[2025-12-21 22:49:55] [MSG] From LED01: LED:ON
[2025-12-21 22:49:56] [MSG] From ARM01: MODE:RUNNING TEMP:N/A
[2025-12-21 22:49:56] [MSG] From TEMP02: TEMP:N/A
[2025-12-21 22:49:56] [MSG] From BUTTON01: BUTTON:RELEASED
[2025-12-21 22:49:56] [MSG] From LED01: LED:ON
[2025-12-21 22:49:57] [MSG] From ARM01: MODE:RUNNING TEMP:N/A
[2025-12-21 22:49:57] [MSG] From TEMP02: TEMP:N/A
[2025-12-21 22:49:57] [MSG] From BUTTON01: BUTTON:RELEASED
[2025-12-21 22:49:57] [MSG] From LED01: LED:ON
[2025-12-21 22:49:58] [MSG] To ARM01: RESET
[2025-12-21 22:49:58] [MSG] From ARM01: MODE:RUNNING TEMP:N/A
[2025-12-21 22:49:58] [MSG] From TEMP02: TEMP:N/A
[2025-12-21 22:49:58] [MSG] From BUTTON01: BUTTON:RELEASED
[2025-12-21 22:49:58] [MSG] From LED01: LED:ON
[2025-12-21 22:49:59] [MSG] From ARM01: MODE:RUNNING TEMP:N/A
[2025-12-21 22:49:59] [MSG] From TEMP02: TEMP:N/A
[2025-12-21 22:49:59] [MSG] From BUTTON01: BUTTON:RELEASED
[2025-12-21 22:49:59] [MSG] From LED01: LED:ON
[2025-12-21 22:50:00] [MSG] From ARM01: MODE:RUNNING TEMP:N/A
[2025-12-21 22:50:00] [MSG] From TEMP02: TEMP:N/A
[2025-12-21 22:50:00] [MSG] From BUTTON01: BUTTON:RELEASED
[2025-12-21 22:50:00] [MSG] From LED01: LED:ON
[2025-12-21 22:50:02] [MSG] From ARM01: MODE:RUNNING TEMP:N/A
[2025-12-21 22:50:02] [MSG] From BUTTON01: BUTTON:RELEASED
[2025-12-21 22:50:02] [MSG] From TEMP02: TEMP:N/A
[2025-12-21 22:50:02] [MSG] From LED01: LED:ON
[2025-12-21 22:50:03] [MSG] From ARM01: MODE:RUNNING TEMP:N/A
[2025-12-21 22:50:03] [MSG] From TEMP02: TEMP:N/A
[2025-12-21 22:50:03] [MSG] From BUTTON01: BUTTON:RELEASED
[2025-12-21 22:50:03] [MSG] From LED01: LED:ON
[2025-12-21 22:50:04] [MSG] From ARM01: MODE:RUNNING TEMP:N/A
[2025-12-21 22:50:04] [MSG] From TEMP02: TEMP:N/A
[2025-12-21 22:50:04] [MSG] From BUTTON01: BUTTON:RELEASED
[2025-12-21 22:50:04] [MSG] From LED01: LED:ON
[2025-12-21 22:50:05] [MSG] From ARM01: MODE:RUNNING TEMP:N/A
[2025-12-21 22:50:05] [MSG] From TEMP02: TEMP:N/A
[2025-12-21 22:50:05] [MSG] From BUTTON01: BUTTON:RELEASED
[2025-12-21 22:50:05] [MSG] From LED01: LED:ON
[2025-12-21 22:50:06] [MSG] From ARM01: MODE:RUNNING TEMP:N/A
[2025-12-21 22:50:06] [MSG] From TEMP02: TEMP:N/A
[2025-12-21 22:50:06] [MSG] From BUTTON01: BUTTON:RELEASED
[2025-12-21 22:50:06] [MSG] From LED01: LED:ON
[2025-12-21 22:50:06] [MSG] From ARM01: MODE:RUNNING TEMP:N/A
[2025-12-21 22:50:06] [MSG] From TEMP02: TEMP:N/A
[2025-12-21 22:50:06] [MSG] From BUTTON01: BUTTON:RELEASED
[2025-12-21 22:50:06] [MSG] From LED01: LED:ON
[2025-12-21 22:50:07] [MSG] From ARM01: MODE:RUNNING TEMP:N/A
[2025-12-21 22:50:07] [MSG] From TEMP02: TEMP:N/A
[2025-12-21 22:50:07] [MSG] From BUTTON01: BUTTON:RELEASED
[2025-12-21 22:50:07] [MSG] From LED01: LED:ON
[2025-12-21 22:50:08] [MSG] From TEMP02: TEMP:N/A
[2025-12-21 22:50:08] [MSG] From ARM01: MODE:RUNNING TEMP:N/A
[2025-12-21 22:50:08] [MSG] From BUTTON01: BUTTON:RELEASED
[2025-12-21 22:50:08] [MSG] From LED01: LED:ON
[2025-12-21 22:50:09] [MSG] From ARM01: MODE:RUNNING TEMP:N/A
[2025-12-21 22:50:09] [MSG] From TEMP02: TEMP:N/A
[2025-12-21 22:50:09] [MSG] From BUTTON01: BUTTON:RELEASED
[2025-12-21 22:50:09] [MSG] From LED01: LED:ON
[2025-12-21 22:50:10] [INFO] Server has been Ctrl^C'd. All the contents in the log will be deleted when the server is restarted.
